Microchip MPLAB XC8 Compiler V2.32

Linker command line:

-W-3 --edf=/opt/microchip/xc8/v2.32/pic/dat/en_msgs.txt -cn \
  -h+dist/default/production/jukebox.X.production.sym \
  --cmf=dist/default/production/jukebox.X.production.cmf -z -Q18F4520 \
  -o/tmp/xcXhefAdA --defsym=__MPLAB_BUILD=1 \
  -Mdist/default/production/jukebox.X.production.map -E1 -ver=XC8 Compiler \
  --acfsm=1493 -ASTACK=0130h-05FFh -pstack=STACK -ACODE=00h-07FFFh \
  -ACONST=00h-07FFFh -ASMALLCONST=0600h-06FFhx122 \
  -AMEDIUMCONST=0600h-07FFFh -ACOMRAM=01h-07Fh -AABS1=00h-05FFh \
  -ABIGRAM=01h-05FFh -ARAM=080h-0FFh,0100h-01FFhx5 -ABANK0=080h-0FFh \
  -ABANK1=0100h-01FFh -ABANK2=0200h-02FFh -ABANK3=0300h-03FFh \
  -ABANK4=0400h-04FFh -ABANK5=0500h-05FFh -ASFR=0F80h-0FFFh \
  -ACONFIG=0300000h-030000Dh -AIDLOC=0200000h-0200007h \
  -AEEDATA=0F00000h-0F000FFh -peeprom_data=EEDATA \
  -preset_vec=00h,intcode,intcodelo,powerup,init -pramtop=0600h \
  -psmallconst=SMALLCONST -pmediumconst=MEDIUMCONST -pconst=CONST \
  -AFARRAM=00h-00h \
  -prdata=COMRAM,nvrram=COMRAM,nvbit=COMRAM,rbss=COMRAM,rbit=COMRAM \
  -pfarbss=FARRAM,fardata=FARRAM,nvFARRAM=FARRAM \
  -pintsave_regs=BIGRAM,bigbss=BIGRAM,bigdata=BIGRAM -pbss=RAM \
  -pidata=CODE,irdata=CODE,ibigdata=CODE,ifardata=CODE -prparam=COMRAM \
  /tmp/xcXJEEOCb.o dist/default/production/jukebox.X.production.o 

Object code version is 3.11

Machine type is 18F4520



                Name                               Link     Load   Length Selector   Space Scale
/tmp/xcXJEEOCb.o
                idloc                            200000   200000        8        0       5
                config                           300000   300000        E        0       4
                init                                  0        0        4        0       0
dist/default/production/jukebox.X.production.o
                idloc                            200000   200000        8        0       5
                config                           300000   300000        E        0       4
                smallconst                          600      600       7C      300       0
                text31                             121E     121E       C4      33E       0
                text30                             1396     1396       B0      33E       0
                text29                             1D24     1D24       18      33E       0
                text28                             1D08     1D08       1C      33E       0
                text27                              D06      D06      24E      33E       0
                text26                             1646     1646       7E      33E       0
                text25                             1AF4     1AF4       54      33E       0
                text24                             1B48     1B48       50      33E       0
                text23                             16C4     16C4       7C      33E       0
                text22                             12E2     12E2       B4      33E       0
                text21                             197A     197A       6C      33E       0
                text20                             15C6     15C6       80      33E       0
                text19                             1546     1546       80      33E       0
                text18                             14C6     14C6       80      33E       0
                text17                              F54      F54      17A      33E       0
                text16                             1D5A     1D5A        A      33E       0
                text15                             1D50     1D50        A      33E       0
                text14                              AB8      AB8      24E      33E       0
                text13                             1740     1740       78      33E       0
                text12                             182E     182E       74      33E       0
                text11                             1CE2     1CE2       26      33E       0
                text10                             190E     190E       6C      33E       0
                text9                              1C34     1C34       4E      33E       0
                text8                              1BE6     1BE6       4E      33E       0
                text7                              1B98     1B98       4E      33E       0
                text6                              1446     1446       80      33E       0
                text5                              1D3C     1D3C       14      33E       0
                text4                              18A2     18A2       6C      33E       0
                text3                              1A46     1A46       58      33E       0
                text2                              1A9E     1A9E       56      33E       0
                text1                              10CE     10CE      150      33E       0
                text0                               67C      67C      43C      33E       0
                cstackCOMRAM                          1        1       43        1       1
                dataBANK1                           100      100       30      100       1
                dataBANK0                            80       80       60       80       1
                dataCOMRAM                           44       44       30        1       1
                bssCOMRAM                            74       74        C        1       1
                cinit                              17B8     17B8       76      33E       0
                idataBANK1                         1CB2     1CB2       30      33E       0
                idataBANK0                         19E6     19E6       60      33E       0
                idataCOMRAM                        1C82     1C82       30      33E       0

TOTAL           Name                               Link     Load   Length     Space
        CLASS   STACK          

        CLASS   CODE           
                init                                  0        0        4         0
                text31                             121E     121E       C4         0
                text30                             1396     1396       B0         0
                text29                             1D24     1D24       18         0
                text28                             1D08     1D08       1C         0
                text27                              D06      D06      24E         0
                text26                             1646     1646       7E         0
                text25                             1AF4     1AF4       54         0
                text24                             1B48     1B48       50         0
                text23                             16C4     16C4       7C         0
                text22                             12E2     12E2       B4         0
                text21                             197A     197A       6C         0
                text20                             15C6     15C6       80         0
                text19                             1546     1546       80         0
                text18                             14C6     14C6       80         0
                text17                              F54      F54      17A         0
                text16                             1D5A     1D5A        A         0
                text15                             1D50     1D50        A         0
                text14                              AB8      AB8      24E         0
                text13                             1740     1740       78         0
                text12                             182E     182E       74         0
                text11                             1CE2     1CE2       26         0
                text10                             190E     190E       6C         0
                text9                              1C34     1C34       4E         0
                text8                              1BE6     1BE6       4E         0
                text7                              1B98     1B98       4E         0
                text6                              1446     1446       80         0
                text5                              1D3C     1D3C       14         0
                text4                              18A2     18A2       6C         0
                text3                              1A46     1A46       58         0
                text2                              1A9E     1A9E       56         0
                text1                              10CE     10CE      150         0
                text0                               67C      67C      43C         0
                cinit                              17B8     17B8       76         0
                idataBANK1                         1CB2     1CB2       30         0
                idataBANK0                         19E6     19E6       60         0
                idataCOMRAM                        1C82     1C82       30         0

        CLASS   CONST          

        CLASS   SMALLCONST     
                smallconst                          600      600       7C         0

        CLASS   MEDIUMCONST    

        CLASS   COMRAM         
                cstackCOMRAM                          1        1       43         1
                dataCOMRAM                           44       44       30         1
                bssCOMRAM                            74       74        C         1

        CLASS   ABS1           

        CLASS   BIGRAM         

        CLASS   RAM            

        CLASS   BANK0          
                dataBANK0                            80       80       60         1

        CLASS   BANK1          
                dataBANK1                           100      100       30         1

        CLASS   BANK2          

        CLASS   BANK3          

        CLASS   BANK4          

        CLASS   BANK5          

        CLASS   SFR            

        CLASS   CONFIG         
                config                           300000   300000        E         4

        CLASS   IDLOC          
                idloc                            200000   200000        8         5

        CLASS   EEDATA         

        CLASS   FARRAM         



SEGMENTS        Name                           Load    Length   Top    Selector   Space  Class

                dataBANK0                      000080  000060  0000E0        80       1  BANK0   
                cstackCOMRAM                   000001  00007F  000080         1       1  COMRAM  
                reset_vec                      000000  000004  000004         0       0  CODE    
                dataBANK1                      000100  000030  000130       100       1  BANK1   
                text0                          00067C  0016E8  001D64       33E       0  CODE    
                smallconst                     000600  00007C  00067C       300       0  SMALLCON


UNUSED ADDRESS RANGES

        Name                Unused          Largest block    Delta
        BANK0            0000E0-0000FF               20
        BANK1            000130-0001FF               D0
        BANK2            000200-0002FF              100
        BANK3            000300-0003FF              100
        BANK4            000400-0004FF              100
        BANK5            000500-0005FF              100
        BIGRAM           0000E0-0000FF               20
                         000130-0005FF              4D0
        CODE             000004-0005FF              5FC
                         001D64-007FFF             629C
        CONST            000004-0005FF              5FC
                         001D64-007FFF             629C
        EEDATA           F00000-F000FF              100
        MEDIUMCONST      001D64-007FFF             629C
        RAM              0000E0-0000FF               20
                         000130-0005FF              100
        SFR              000F80-000FFF               80
        SMALLCONST       001D64-007FFF              100
        STACK            000130-0005FF              4D0

                                  Symbol Table

?___awdiv                cstackCOMRAM 000001
?___awmod                cstackCOMRAM 000009
?___lwdiv                cstackCOMRAM 000001
?___wmul                 cstackCOMRAM 000001
?_kpRead                 cstackCOMRAM 000001
Delay2ms@i               cstackCOMRAM 000002
Delay40us@i              cstackCOMRAM 000001
_Delay2ms                text28       001D08
_Delay40us               text29       001D24
_PORTA                   (abs)        000F80
_PORTB                   (abs)        000F81
_PORTC                   (abs)        000F82
_PORTD                   (abs)        000F83
_PORTE                   (abs)        000F84
_TRISA                   (abs)        000F92
_TRISB                   (abs)        000F93
_TRISC                   (abs)        000F94
_TRISD                   (abs)        000F95
_TRISE                   (abs)        000F96
__HRAM                   (abs)        000000
__Habs1                  abs1         000000
__Hbank0                 bank0        000000
__Hbank1                 bank1        000000
__Hbank2                 bank2        000000
__Hbank3                 bank3        000000
__Hbank4                 bank4        000000
__Hbank5                 bank5        000000
__Hbigbss                bigbss       000000
__Hbigdata               bigdata      000000
__Hbigram                bigram       000000
__Hbss                   bss          000000
__HbssCOMRAM             bssCOMRAM    000000
__Hcinit                 cinit        000000
__Hclrtext               clrtext      000000
__Hcomram                comram       000000
__Hconfig                config       30000E
__Hconst                 const        000000
__HcstackCOMRAM          cstackCOMRAM 000000
__Hdata                  data         000000
__HdataBANK0             dataBANK0    000000
__HdataBANK1             dataBANK1    000000
__HdataCOMRAM            dataCOMRAM   000000
__Heeprom_data           eeprom_data  000000
__Hfarbss                farbss       000000
__Hfardata               fardata      000000
__Hibigdata              ibigdata     000000
__Hidata                 idata        000000
__HidataBANK0            idataBANK0   000000
__HidataBANK1            idataBANK1   000000
__HidataCOMRAM           idataCOMRAM  000000
__Hidloc                 idloc        200008
__Hifardata              ifardata     000000
__Hinit                  init         000004
__Hintcode               intcode      000000
__Hintcode_body          intcode_body 000000
__Hintcodelo             intcodelo    000000
__Hintentry              intentry     000000
__Hintret                intret       000000
__Hintsave_regs          intsave_regs 000000
__Hirdata                irdata       000000
__Hmediumconst           mediumconst  000000
__HnvFARRAM              nvFARRAM     000000
__Hnvbit                 nvbit        000000
__Hnvrram                nvrram       000000
__Hparam                 rparam       000000
__Hpowerup               powerup      000000
__Hram                   ram          000000
__Hramtop                ramtop       000600
__Hrbit                  rbit         000000
__Hrbss                  rbss         000000
__Hrdata                 rdata        000000
__Hreset_vec             reset_vec    000000
__Hrparam                rparam       000000
__Hsfr                   sfr          000000
__Hsmallconst            smallconst   00067C
__Hspace_0               (abs)        001D64
__Hspace_1               (abs)        000130
__Hspace_2               (abs)        000000
__Hspace_4               (abs)        60000E
__Hstack                 stack        000000
__Hstruct                struct       000000
__Htemp                  temp         000000
__Htext                  text         000000
__Htext0                 text0        000000
__Htext1                 text1        000000
__Htext10                text10       000000
__Htext11                text11       000000
__Htext12                text12       000000
__Htext13                text13       000000
__Htext14                text14       000000
__Htext15                text15       000000
__Htext16                text16       000000
__Htext17                text17       000000
__Htext18                text18       000000
__Htext19                text19       000000
__Htext2                 text2        000000
__Htext20                text20       000000
__Htext21                text21       000000
__Htext22                text22       000000
__Htext23                text23       000000
__Htext24                text24       000000
__Htext25                text25       000000
__Htext26                text26       000000
__Htext27                text27       000000
__Htext28                text28       000000
__Htext29                text29       000000
__Htext3                 text3        000000
__Htext30                text30       000000
__Htext31                text31       000000
__Htext4                 text4        000000
__Htext5                 text5        000000
__Htext6                 text6        000000
__Htext7                 text7        000000
__Htext8                 text8        000000
__Htext9                 text9        000000
__LRAM                   (abs)        000001
__Labs1                  abs1         000000
__Lbank0                 bank0        000000
__Lbank1                 bank1        000000
__Lbank2                 bank2        000000
__Lbank3                 bank3        000000
__Lbank4                 bank4        000000
__Lbank5                 bank5        000000
__Lbigbss                bigbss       000000
__Lbigdata               bigdata      000000
__Lbigram                bigram       000000
__Lbss                   bss          000000
__LbssCOMRAM             bssCOMRAM    000000
__Lcinit                 cinit        000000
__Lclrtext               clrtext      000000
__Lcomram                comram       000000
__Lconfig                config       000000
__Lconst                 const        000000
__LcstackCOMRAM          cstackCOMRAM 000000
__Ldata                  data         000000
__LdataBANK0             dataBANK0    000000
__LdataBANK1             dataBANK1    000000
__LdataCOMRAM            dataCOMRAM   000000
__Leeprom_data           eeprom_data  000000
__Lfarbss                farbss       000000
__Lfardata               fardata      000000
__Libigdata              ibigdata     000000
__Lidata                 idata        000000
__LidataBANK0            idataBANK0   000000
__LidataBANK1            idataBANK1   000000
__LidataCOMRAM           idataCOMRAM  000000
__Lidloc                 idloc        000000
__Lifardata              ifardata     000000
__Linit                  init         000000
__Lintcode               intcode      000000
__Lintcode_body          intcode_body 000000
__Lintcodelo             intcodelo    000000
__Lintentry              intentry     000000
__Lintret                intret       000000
__Lintsave_regs          intsave_regs 000000
__Lirdata                irdata       000000
__Lmediumconst           mediumconst  000000
__LnvFARRAM              nvFARRAM     000000
__Lnvbit                 nvbit        000000
__Lnvrram                nvrram       000000
__Lparam                 rparam       000000
__Lpowerup               powerup      000000
__Lram                   ram          000000
__Lramtop                ramtop       000600
__Lrbit                  rbit         000000
__Lrbss                  rbss         000000
__Lrdata                 rdata        000000
__Lreset_vec             reset_vec    000000
__Lrparam                rparam       000000
__Lsfr                   sfr          000000
__Lsmallconst            smallconst   000600
__Lspace_0               (abs)        000000
__Lspace_1               (abs)        000000
__Lspace_2               (abs)        000000
__Lspace_4               (abs)        000000
__Lstack                 stack        000000
__Lstruct                struct       000000
__Ltemp                  temp         000000
__Ltext                  text         000000
__Ltext0                 text0        000000
__Ltext1                 text1        000000
__Ltext10                text10       000000
__Ltext11                text11       000000
__Ltext12                text12       000000
__Ltext13                text13       000000
__Ltext14                text14       000000
__Ltext15                text15       000000
__Ltext16                text16       000000
__Ltext17                text17       000000
__Ltext18                text18       000000
__Ltext19                text19       000000
__Ltext2                 text2        000000
__Ltext20                text20       000000
__Ltext21                text21       000000
__Ltext22                text22       000000
__Ltext23                text23       000000
__Ltext24                text24       000000
__Ltext25                text25       000000
__Ltext26                text26       000000
__Ltext27                text27       000000
__Ltext28                text28       000000
__Ltext29                text29       000000
__Ltext3                 text3        000000
__Ltext30                text30       000000
__Ltext31                text31       000000
__Ltext4                 text4        000000
__Ltext5                 text5        000000
__Ltext6                 text6        000000
__Ltext7                 text7        000000
__Ltext8                 text8        000000
__Ltext9                 text9        000000
__S0                     (abs)        001D64
__S1                     (abs)        000130
__S2                     (abs)        000000
__S4                     (abs)        000000
__S5                     (abs)        000000
___awdiv                 text31       00121E
___awdiv@counter         cstackCOMRAM 000005
___awdiv@dividend        cstackCOMRAM 000001
___awdiv@divisor         cstackCOMRAM 000003
___awdiv@quotient        cstackCOMRAM 000007
___awdiv@sign            cstackCOMRAM 000006
___awmod                 text30       001396
___awmod@counter         cstackCOMRAM 00000D
___awmod@dividend        cstackCOMRAM 000009
___awmod@divisor         cstackCOMRAM 00000B
___awmod@sign            cstackCOMRAM 00000E
___inthi_sp              stack        000000
___intlo_sp              stack        000000
___lwdiv                 text12       00182E
___lwdiv@counter         cstackCOMRAM 000007
___lwdiv@dividend        cstackCOMRAM 000001
___lwdiv@divisor         cstackCOMRAM 000003
___lwdiv@quotient        cstackCOMRAM 000005
___param_bank            (abs)        000000
___rparam_used           (abs)        000001
___sp                    stack        000000
___wmul                  text11       001CE2
___wmul@multiplicand     cstackCOMRAM 000003
___wmul@multiplier       cstackCOMRAM 000001
___wmul@product          cstackCOMRAM 000005
__accesstop              (abs)        000080
__activetblptr           (abs)        000002
__end_of_Delay2ms        text28       001D24
__end_of_Delay40us       text29       001D3C
__end_of___awdiv         text31       0012E2
__end_of___awmod         text30       001446
__end_of___lwdiv         text12       0018A2
__end_of___wmul          text11       001D08
__end_of__initialization cinit        001824
__end_of_apresentaMenu   text22       001396
__end_of_digitalWrite    text27       000F54
__end_of_discoLogo_1     text20       001646
__end_of_discoLogo_2     text19       0015C6
__end_of_discoLogo_3     text18       001546
__end_of_kpDebounce      text17       0010CE
__end_of_kpInit          text16       001D64
__end_of_kpRead          text15       001D5A
__end_of_lcdCommand      text26       0016C4
__end_of_lcdData         text25       001B48
__end_of_lcdInit         text13       0017B8
__end_of_lcdPosition     text21       0019E6
__end_of_lcdString       text24       001B98
__end_of_main            text0        000AB8
__end_of_musicaLenta     text9        001C82
__end_of_musicaMedia     text8        001C34
__end_of_musicaRapida    text7        001BE6
__end_of_notaLogo_1      text6        0014C6
__end_of_pinMode         text14       000D06
__end_of_pwmInit         text5        001D50
__end_of_pwmSet1         text4        00190E
__end_of_pwmSet2         text10       00197A
__end_of_ssdDigit        text3        001A9E
__end_of_ssdInit         text2        001AF4
__end_of_ssdUpdate       text1        00121E
__end_of_tempo           text23       001740
__end_of_valor@ssd$F176  smallconst   000611
__initialization         cinit        0017B8
__mediumconst            mediumconst  000000
__pbssCOMRAM             bssCOMRAM    000074
__pcinit                 cinit        0017B8
__pcstackCOMRAM          cstackCOMRAM 000001
__pdataBANK0             dataBANK0    000080
__pdataBANK1             dataBANK1    000100
__pdataCOMRAM            dataCOMRAM   000044
__pidataBANK0            idataBANK0   0019E6
__pidataBANK1            idataBANK1   001CB2
__pidataCOMRAM           idataCOMRAM  001C82
__psmallconst            smallconst   000600
__ptext0                 text0        00067C
__ptext1                 text1        0010CE
__ptext10                text10       00190E
__ptext11                text11       001CE2
__ptext12                text12       00182E
__ptext13                text13       001740
__ptext14                text14       000AB8
__ptext15                text15       001D50
__ptext16                text16       001D5A
__ptext17                text17       000F54
__ptext18                text18       0014C6
__ptext19                text19       001546
__ptext2                 text2        001A9E
__ptext20                text20       0015C6
__ptext21                text21       00197A
__ptext22                text22       0012E2
__ptext23                text23       0016C4
__ptext24                text24       001B48
__ptext25                text25       001AF4
__ptext26                text26       001646
__ptext27                text27       000D06
__ptext28                text28       001D08
__ptext29                text29       001D24
__ptext3                 text3        001A46
__ptext30                text30       001396
__ptext31                text31       00121E
__ptext4                 text4        0018A2
__ptext5                 text5        001D3C
__ptext6                 text6        001446
__ptext7                 text7        001B98
__ptext8                 text8        001BE6
__ptext9                 text9        001C34
__ramtop                 ramtop       000600
__size_of_Delay2ms       (abs)        000000
__size_of_Delay40us      (abs)        000000
__size_of___awdiv        (abs)        000000
__size_of___awmod        (abs)        000000
__size_of___lwdiv        (abs)        000000
__size_of___wmul         (abs)        000000
__size_of_apresentaMenu  (abs)        000000
__size_of_digitalWrite   (abs)        000000
__size_of_discoLogo_1    (abs)        000000
__size_of_discoLogo_2    (abs)        000000
__size_of_discoLogo_3    (abs)        000000
__size_of_kpDebounce     (abs)        000000
__size_of_kpInit         (abs)        000000
__size_of_kpRead         (abs)        000000
__size_of_lcdCommand     (abs)        000000
__size_of_lcdData        (abs)        000000
__size_of_lcdInit        (abs)        000000
__size_of_lcdPosition    (abs)        000000
__size_of_lcdString      (abs)        000000
__size_of_main           (abs)        000000
__size_of_musicaLenta    (abs)        000000
__size_of_musicaMedia    (abs)        000000
__size_of_musicaRapida   (abs)        000000
__size_of_notaLogo_1     (abs)        000000
__size_of_pinMode        (abs)        000000
__size_of_pwmInit        (abs)        000000
__size_of_pwmSet1        (abs)        000000
__size_of_pwmSet2        (abs)        000000
__size_of_ssdDigit       (abs)        000000
__size_of_ssdInit        (abs)        000000
__size_of_ssdUpdate      (abs)        000000
__size_of_tempo          (abs)        000000
__smallconst             smallconst   000600
_apresentaMenu           text22       0012E2
_digitalWrite            text27       000D06
_discoLogo_1             text20       0015C6
_discoLogo_2             text19       001546
_discoLogo_3             text18       0014C6
_display                 bssCOMRAM    00007E
_kpDebounce              text17       000F54
_kpInit                  text16       001D5A
_kpRead                  text15       001D50
_lcdCommand              text26       001646
_lcdData                 text25       001AF4
_lcdInit                 text13       001740
_lcdPosition             text21       00197A
_lcdString               text24       001B48
_main                    text0        00067C
_musicaLenta             text9        001C34
_musicaMedia             text8        001BE6
_musicaRapida            text7        001B98
_notaLogo_1              text6        001446
_pinMode                 text14       000AB8
_pwmInit                 text5        001D3C
_pwmSet1                 text4        0018A2
_pwmSet2                 text10       00190E
_ssdDigit                text3        001A46
_ssdInit                 text2        001A9E
_ssdUpdate               text1        0010CE
_tempo                   text23       0016C4
_v0                      bssCOMRAM    00007D
_v1                      bssCOMRAM    00007C
_v2                      bssCOMRAM    00007B
_v3                      bssCOMRAM    00007A
_valor                   bssCOMRAM    000078
_valor@ssd$F176          smallconst   000601
apresentaMenu@infoSom    cstackCOMRAM 00000E
digitalWrite@pin         cstackCOMRAM 000001
digitalWrite@value       cstackCOMRAM 000003
discoLogo_1@F2400        dataBANK0    0000B0
discoLogo_1@i            cstackCOMRAM 00003C
discoLogo_1@logo         cstackCOMRAM 00000C
discoLogo_2@F2404        dataBANK0    000080
discoLogo_2@i            cstackCOMRAM 00003C
discoLogo_2@logo         cstackCOMRAM 00000C
discoLogo_3@F2408        dataBANK1    000100
discoLogo_3@i            cstackCOMRAM 00003C
discoLogo_3@logo         cstackCOMRAM 00000C
end_of_initialization    cinit        001824
intlevel0                text         000000
intlevel1                text         000000
intlevel2                text         000000
intlevel3                text         000000
isa$std                  (abs)        000001
isa$xinst                (abs)        000000
kpDebounce@i             cstackCOMRAM 00000A
kpDebounce@j             cstackCOMRAM 000009
kpDebounce@k             cstackCOMRAM 000007
kpDebounce@old_D         cstackCOMRAM 000006
kpDebounce@tempo         bssCOMRAM    00007F
kpDebounce@valorAntigo   bssCOMRAM    000074
kpDebounce@valorNovo     bssCOMRAM    000076
lcdCommand@cmd           cstackCOMRAM 000008
lcdCommand@old_D         cstackCOMRAM 000007
lcdData@old_D            cstackCOMRAM 000008
lcdData@valor            cstackCOMRAM 000007
lcdPosition@coluna       cstackCOMRAM 000009
lcdPosition@comando      cstackCOMRAM 00000A
lcdPosition@linha        cstackCOMRAM 00000B
lcdString@i              cstackCOMRAM 00000D
lcdString@str            cstackCOMRAM 000009
main@i                   cstackCOMRAM 000041
main@som                 cstackCOMRAM 000042
main@tecla1              cstackCOMRAM 00003D
main@tecla2              cstackCOMRAM 00003F
musicaLenta@i            cstackCOMRAM 00000D
musicaMedia@i            cstackCOMRAM 00000D
musicaRapida@i           cstackCOMRAM 00000D
notaLogo_1@F2396         dataCOMRAM   000044
notaLogo_1@i             cstackCOMRAM 00003C
notaLogo_1@logo          cstackCOMRAM 00000C
pinMode@pin              cstackCOMRAM 000001
pinMode@type             cstackCOMRAM 000003
pwmSet1@porcento         cstackCOMRAM 00000A
pwmSet1@val              cstackCOMRAM 00000B
pwmSet2@porcento         cstackCOMRAM 00000A
pwmSet2@val              cstackCOMRAM 00000B
ssdDigit@pos             cstackCOMRAM 00000F
ssdDigit@val             cstackCOMRAM 000010
stackhi                  (abs)        0005FF
stacklo                  (abs)        000130
start                    init         000000
start_initialization     cinit        0017B8
tempo@i                  cstackCOMRAM 000003
tempo@j                  cstackCOMRAM 000005
tempo@k                  cstackCOMRAM 000007
tempo@num_ms             cstackCOMRAM 000001


MODULE INFORMATION

Module		Function		Class		Link	Load	Size
ssd.c
		_ssdInit       		CODE           	1A9E	0000	86
		_ssdDigit      		CODE           	1A46	0000	88
		_ssdUpdate     		CODE           	10CE	0000	336

ssd.c estimated size: 510

/opt/microchip/xc8/v2.32/pic/sources/c99/common/Umul16.c
		___wmul        		CODE           	1CE2	0000	38

/opt/microchip/xc8/v2.32/pic/sources/c99/common/Umul16.c estimated size: 38

delay.c
		_tempo         		CODE           	16C4	0000	124

delay.c estimated size: 124

keypad.c
		_kpInit        		CODE           	1D5A	0000	10
		_kpDebounce    		CODE           	0F54	0000	378
		_kpRead        		CODE           	1D50	0000	10

keypad.c estimated size: 398

/opt/microchip/xc8/v2.32/pic/sources/c99/common/awdiv.c
		___awdiv       		CODE           	121E	0000	196

/opt/microchip/xc8/v2.32/pic/sources/c99/common/awdiv.c estimated size: 196

io.c
		_digitalWrite  		CODE           	0D06	0000	590
		_pinMode       		CODE           	0AB8	0000	590

io.c estimated size: 1180

pwm.c
		_pwmSet2       		CODE           	190E	0000	108
		_pwmInit       		CODE           	1D3C	0000	20
		_pwmSet1       		CODE           	18A2	0000	108

pwm.c estimated size: 236

shared
		__initialization		CODE           	17B8	0000	108
		_valor@ssd$F176		SMALLCONST     	0601	0000	16

shared estimated size: 124

lcd.c
		_lcdCommand    		CODE           	1646	0000	126
		_lcdString     		CODE           	1B48	0000	80
		_lcdPosition   		CODE           	197A	0000	108
		_Delay40us     		CODE           	1D24	0000	24
		_lcdInit       		CODE           	1740	0000	120
		_lcdData       		CODE           	1AF4	0000	84
		_Delay2ms      		CODE           	1D08	0000	28

lcd.c estimated size: 570

/opt/microchip/xc8/v2.32/pic/sources/c99/common/awmod.c
		___awmod       		CODE           	1396	0000	176

/opt/microchip/xc8/v2.32/pic/sources/c99/common/awmod.c estimated size: 176

main.c
		_notaLogo_1    		CODE           	1446	0000	128
		_musicaMedia   		CODE           	1BE6	0000	78
		_main          		CODE           	067C	0000	1084
		_musicaLenta   		CODE           	1C34	0000	78
		_apresentaMenu 		CODE           	12E2	0000	180
		_discoLogo_1   		CODE           	15C6	0000	128
		_discoLogo_2   		CODE           	1546	0000	128
		_discoLogo_3   		CODE           	14C6	0000	128
		_musicaRapida  		CODE           	1B98	0000	78

main.c estimated size: 2010

/opt/microchip/xc8/v2.32/pic/sources/c99/common/lwdiv.c
		___lwdiv       		CODE           	182E	0000	116

/opt/microchip/xc8/v2.32/pic/sources/c99/common/lwdiv.c estimated size: 116

